[backblue.gif]
[fade.gif]
[index.html]
[appadvice.com/index.html]
[appadvice.com/appnn.html]
[appadvice.com/cdn-cgi/apps/head/AqZrhzT8obba5426JZAKKYutYoY.js]
[appadvice.com/assets-appadvice/AppAdvice/apple-touch-icon-152x152-e09ba8eec829f580a536248b3db30cf7c74f8a4b57e1c51cb9596879d5a35fee.png]
[appadvice.com/assets-appadvice/AppAdvice/apple-touch-icon-628812f173fb0fae0426e8e64ed38bf9d82e4283a38ed2cc5c1f4af162f3cdcd.png]
[appadvice.com/assets-appadvice/AppAdvice/apple-touch-icon-76x76-53c5cdb6a86996f154316db95f0bc20a242bfb50778ddab71f1a0b6a9d399d8b.png]
[appadvice.com/assets-appadvice/AppAdvice/apple-touch-icon-120x120-27cd0560daabf5bb9a5477bb27ecebf1981d7cd8db2a0b74ff12d89ef1225660.png]
[appadvice.com/assets-appadvice/AppAdvice/apple-touch-icon-180x180-d885589338e9caaf005a7c3cf81347e0b61c676971b4462f34625c06b4c9ac32.png]
[appadvice.com/assets-appadvice/AppAdvice/touch-icon-128x128-dffbee5ca27d614b63560b6fd2df05eb0ecd449aff54ff5064fea37f9158f317.png]
[appadvice.com/assets-appadvice/AppAdvice/touch-icon-192x192-8b3ddb17876b358356155b2434438d5061c6d32f8eb971ed99dcba51035470da.png]
[appadvice.com/assets-appadvice/AppAdvice/favicon-32x32-9871085a7e5c61163eaa12264177d1739ef4ba110e7087da12981f24fe52e42a.png]
[appadvice.com/assets-appadvice/AppAdvice/favicon-96x96-67923997b39b5a9ab00854090f41036de214cb5d1c8c6dfaf27115aa00b7692c.png]
[appadvice.com/assets-appadvice/AppAdvice/favicon-16x16-fb0bc6d50413c8a49cf7e3d28bd39101a65de423842013c169fdb3e40fa9e417.png]
[appadvice.com/assets-appadvice/AppAdvice/appadvice_logo_16x16-0e57657ae78d51c7894454ce9fc2e5bebc7a5072abb640086ba144b1f1515a38.svg]
[appadvice.com/feed]
[appadvice.com/fonts-appadvice/appadviceicons96e1.eot]
[appadvice.com/fonts-appadvice/appadviceiconsd41d.eot]
[appadvice.com/fonts-appadvice/appadviceicons96e1.ttf]
[appadvice.com/fonts-appadvice/appadviceicons96e1.woff]
[appadvice.com/fonts-appadvice/appadviceicons.svg]
[appadvice.com/products.html]
[appadvice.com/game.html]
[appadvice.com/best-ios-apps-of-the-week.html]
[appadvice.com/appcharts.html]
[appadvice.com/best-ios-games-of-the-week.html]
[appadvice.com/best-ios-apps-of-the-month.html]
[appadvice.com/best-ios-games-of-the-month.html]
[appadvice.com/collections.html]
[appadvice.com/messages/collections.html]
[appadvice.com/tv.html]
[appadvice.com/tv/collections.html]
[appadvice.com/game/collections.html]
[appadvice.com/reviews.html]
[appadvice.com/tvgame/collections.html]
[appadvice.com/apps-gone-free.html]
[appadvice.com/products/guides.html]
[appadvice.com/products/deals.html]
[appadvice.com/products/reviews.html]
[appadvice.com/products/best.html]
[appadvice.com/page/about-us.html]
[appadvice.com/images/guardians_970.jpg]
[appadvice.com/authors.html]
[appadvice.com/page/appadvice-is-hiring.html]
[appadvice.com/images/guardians_320.jpg]
[springboard-cdn.appadvice.com/apptributes/share-images/app_list-bo-2018-05-01-month-ios/3570897821c25c999e7f6d124668356a-poster-m.jpg]
[appadvice.com/best-ios-apps-of-the-month/may-2018.html]
[springboard-cdn.appadvice.com/apptributes/us-east-1_8aa41638-fba4-4399-b192-29ee08a7b61c/1523284211552_RestaurantDiningTable_8079-poster-m.jpg]
[springboard-cdn.appadvice.com/apptributes/us-east-1_8aa41638-fba4-4399-b192-29ee08a7b61c/1480360266821_RestaurantAppsFeatured_4701-poster-m.jpg]
[appadvice.com/collection/apps-for-a-great-night-on-the-town.html]
[appadvice.com/post/camera-2-arrives-photo-library-integration-much/763380.html]
[appadvice.com/collection/best-restaurant-apps.html]
[siri-cdn.appadvice.com/wp-content/appadvice-v2-media/2018/05/cameramain_b85f2d18a61b584d65196deb397806b3-poster-m.jpg]
[springboard-cdn.appadvice.com/apptributes/us-east-1_8aa41638-fba4-4399-b192-29ee08a7b61c/1523895516266_GardeningTools_2075-poster-m.jpg]
[appadvice.com/collection/gardening-apps-ios.html]
[handoff-cdn.appadvice.com/apptributes/us-east-1_8aa41638-fba4-4399-b192-29ee08a7b61c/1497618223626_FairyTalesBooks_9660-poster-m.jpg]
[siri-cdn.appadvice.com/wp-content/appadvice-v2-media/2016/12/bands_a2ceb3720d5c1f46f8240138ab89111c-poster-m.jpg]
[handoff-cdn.appadvice.com/wp-content/appadvice-v2-media/2017/01/agf2_27c9c6548129190dfcdadd0fc6aa38c6-poster-m.jpg]
[appadvice.com/collection/book-apps-for-kids.html]
[appadvice.com/appnn/interests/app-sales.html]
[wpuploads.appadvice.com/wp-content/uploads/2018/06/agf622018-640x330.jpg]
[appadvice.com/appnn/2018/06/todays-apps-gone-free-metal-detector-towaga-discovr-and-more.html]
[appadvice.com/appnn/author/tyler.html]
[springboard-cdn.appadvice.com/apptributes/us-east-1_9c0d822e-12f5-468b-a7b1-d2997c7b714b/1476816027754_tentacles_maze_1677-landscape-m.jpg]
[appadvice.com/game/collection/best-puzzle-adventure-games.html]
[appadvice.com/appnn/author/trevor.html]
[handoff-cdn.appadvice.com/apptributes/share-images/app_list-bo-2018-05-01-month-ios/3570897821c25c999e7f6d124668356a-landscape-m.jpg]
[siri-cdn.appadvice.com/apptributes/us-east-1_8aa41638-fba4-4399-b192-29ee08a7b61c/1523284211552_RestaurantDiningTable_8079-landscape-m.jpg]
[appadvice.com/appnn/author/brent.html]
[appadvice.com/appnn/author/roblef.html]
[appadvice.com/game/collection/play-in-the-shadows.html]
[handoff-cdn.appadvice.com/apptributes/us-east-1_1a21aece-383b-437c-9e69-743d33ee51f6/1527893242002_youth_570881_1920_2917-landscape-m.jpg]
[handoff-cdn.appadvice.com/apptributes/share-images/app_list-bo-2018-05-27-week-ios/6de8d75f62521129dfe220d153739bce-landscape-m.jpg]
[appadvice.com/best-ios-apps-of-the-week/may-27-2018.html]
[siri-cdn.appadvice.com/apptributes/107698953206945330460/1468509741636-healthy-and-fit-7233-landscape-m.jpg]
[springboard-cdn.appadvice.com/apptributes/us-east-1_f9757185-8fd9-4f9b-b3cf-2b4ad1dd2ab1/1527872426355_screen_shot____at_.._am-landscape-m.jpg]
[appadvice.com/tv/collection/breaking-a-sweat-with-your-apple-tv.html]
[appadvice.com/post/grab-your-bait-and-tackle-and-jump-into-desert-island-fishing/1169324435/28499385.html]
[wpuploads.appadvice.com/wp-content/uploads/2018/06/agf612018-640x330.jpg]
[appadvice.com/appnn/2018/06/todays-apps-gone-free-altimeter-gps-sayings-builder-master-anodia-and-more.html]
[springboard-cdn.appadvice.com/apptributes/us-east-1_8aa41638-fba4-4399-b192-29ee08a7b61c/1484578820313_RockEntertainmentMagazine_1148-landscape-m.jpg]
[appadvice.com/collection/magazine-apps-entertainment.html]
[appadvice.com/appnn/author/sandy.html]
[handoff-cdn.appadvice.com/apptributes/us-east-1_8aa41638-fba4-4399-b192-29ee08a7b61c/1480360266821_RestaurantAppsFeatured_4701-landscape-m.jpg]
[springboard-cdn.appadvice.com/apptributes/share-images/app_list-bo-2018-05-27-week-game/a66999dd3e412ee040bf1388de7b3a12-landscape-m.jpg]
[appadvice.com/best-ios-games-of-the-week/may-27-2018.html]
[siri-cdn.appadvice.com/apptributes/us-east-1_8aa41638-fba4-4399-b192-29ee08a7b61c/1500557213563_BusinessCommunicateCollaborate_2036-landscape-m.jpg]
[appadvice.com/collection/business-communication-and-collaboration-apps.html]
[springboard-cdn.appadvice.com/apptributes/us-east-1_f9757185-8fd9-4f9b-b3cf-2b4ad1dd2ab1/1527788961176_ctn-landscape-m.jpg]
[springboard-cdn.appadvice.com/apptributes/us-east-1_8aa41638-fba4-4399-b192-29ee08a7b61c/1523968941842_TextingiPhone_4457-landscape-m.jpg]
[appadvice.com/post/crush-the-numbers-is-a-fun-and-easy-to-learn-brain-training-game/1317999735/1100640871.html]
[appadvice.com/collection/text-message-apps.html]
[springboard-cdn.appadvice.com/apptributes/us-east-1_f9757185-8fd9-4f9b-b3cf-2b4ad1dd2ab1/1527786895919_screen_shot____at_.._pm-landscape-m.jpg]
[appadvice.com/appnn/2018/05/todays-apps-gone-free-accusation-nation-smash-the-code-orasishd-and-more.html]
[wpuploads.appadvice.com/wp-content/uploads/2018/05/agf5312018-640x330.jpg]
[appadvice.com/post/its-all-about-perspective-in-the-puzzle-game-logic-path/1382169917/106108485.html]
[handoff-cdn.appadvice.com/apptributes/us-east-1_cb0034e4-ce05-4334-991d-257b7d907454/1492118814433_arcade_games_9830-landscape-m.jpg]
[appadvice.com/game/collection/arcade-games-without-the-old.html]
[springboard-cdn.appadvice.com/wp-content/appadvice-v2-media/2018/05/cameramain_b85f2d18a61b584d65196deb397806b3-landscape-m.jpg]
[springboard-cdn.appadvice.com/apptributes/us-east-1_1a21aece-383b-437c-9e69-743d33ee51f6/1527715151143_scrabble_243192_1920_1427-landscape-m.jpg]
[appadvice.com/appnn/author/christinechan.html]
[appadvice.com/game/collection/head-to-head-word-games.html]
[appadvice.com/post/pocket-run-pool-brings-a-fun-twist-to-a-single-player-arcade-game/949982914/40093727.html]
[siri-cdn.appadvice.com/apptributes/us-east-1_f9757185-8fd9-4f9b-b3cf-2b4ad1dd2ab1/1527700013064_prpool-landscape-m.jpg]
[siri-cdn.appadvice.com/apptributes/us-east-1_8aa41638-fba4-4399-b192-29ee08a7b61c/1523287719570_HeartbeatHealthcare_8653-landscape-m.jpg]
[springboard-cdn.appadvice.com/apptributes/us-east-1_8aa41638-fba4-4399-b192-29ee08a7b61c/1490796524629_desk_602980_1920_700-landscape-m.jpg]
[appadvice.com/collection/healthcare-apps.html]
[appadvice.com/collection/best-universal-audiobook-apps.html]
[wpuploads.appadvice.com/wp-content/uploads/2018/05/agf5302018-640x360.jpg]
[appadvice.com/appnn/2018/05/todays-apps-gone-free-defekt-ral-and-montezuma-puzzle.html]
[appadvice.com/appnn/indexstart/2018-05-30-14_00_54.html]
[appadvice.com/assets-appadvice/AppAdvice/AppAdvice-c12a35af0d392db311b82b409539dec09e30c57c7d28ab832156be1d68214bdc.jpg]
[appadvice.com/search.html]
[pixel.quantserve.com/pixel/p-5flAQjcDBLd4s.gif]
[appadvice.com/appnn.html]
[appadvice.com/assets-appadvice/AppAdvice/appadvice_logo_16x16-0e57657ae78d51c7894454ce9fc2e5bebc7a5072abb640086ba144b1f1515a38.svg]
[appadvice.com/fonts-appadvice/appadviceicons.svg]
[appadvice.com/products.html]
[appadvice.com/tv.html]
[appadvice.com/game.html]
[appadvice.com/appcharts.html]
[appadvice.com/best-ios-apps-of-the-week.html]
[appadvice.com/best-ios-apps-of-the-month.html]
[appadvice.com/best-ios-games-of-the-week.html]
[appadvice.com/best-ios-games-of-the-month.html]
[appadvice.com/collections.html]
[appadvice.com/messages/collections.html]
[appadvice.com/tv/collections.html]
[appadvice.com/reviews.html]
[appadvice.com/game/collections.html]
[appadvice.com/tvgame/collections.html]
[appadvice.com/apps-gone-free.html]
[appadvice.com/products/deals.html]
[appadvice.com/products/guides.html]
[appadvice.com/products/reviews.html]
[appadvice.com/products/best.html]
[appadvice.com/page/about-us.html]
[appadvice.com/authors.html]
[appadvice.com/page/appadvice-is-hiring.html]
[appadvice.com/best-ios-apps-of-the-month/may-2018.html]
[appadvice.com/collection/apps-for-a-great-night-on-the-town.html]
[appadvice.com/collection/best-restaurant-apps.html]
[appadvice.com/post/camera-2-arrives-photo-library-integration-much/763380.html]
[appadvice.com/collection/gardening-apps-ios.html]
[appadvice.com/collection/book-apps-for-kids.html]
[appadvice.com/appnn/interests/app-sales.html]
[appadvice.com/appnn/2018/06/todays-apps-gone-free-metal-detector-towaga-discovr-and-more.html]
[appadvice.com/appnn/author/tyler.html]
[appadvice.com/game/collection/best-puzzle-adventure-games.html]
[appadvice.com/appnn/author/trevor.html]
[appadvice.com/appnn/author/brent.html]
[appadvice.com/appnn/author/roblef.html]
[appadvice.com/game/collection/play-in-the-shadows.html]
[appadvice.com/best-ios-apps-of-the-week/may-27-2018.html]
[appadvice.com/tv/collection/breaking-a-sweat-with-your-apple-tv.html]
[appadvice.com/post/grab-your-bait-and-tackle-and-jump-into-desert-island-fishing/1169324435/28499385.html]
[appadvice.com/appnn/2018/06/todays-apps-gone-free-altimeter-gps-sayings-builder-master-anodia-and-more.html]
[appadvice.com/collection/magazine-apps-entertainment.html]
[appadvice.com/appnn/author/sandy.html]
[appadvice.com/best-ios-games-of-the-week/may-27-2018.html]
[appadvice.com/collection/business-communication-and-collaboration-apps.html]
[appadvice.com/assets-appadvice/application-548635389d2218d7caa29bd90ce983919d1305dffabc3a94ed69767f91138ba6.js]
[appadvice.com/post/crush-the-numbers-is-a-fun-and-easy-to-learn-brain-training-game/1317999735/1100640871.html]
[appadvice.com/collection/text-message-apps.html]
[appadvice.com/post/its-all-about-perspective-in-the-puzzle-game-logic-path/1382169917/106108485.html]
[appadvice.com/appnn/2018/05/todays-apps-gone-free-accusation-nation-smash-the-code-orasishd-and-more.html]
[appadvice.com/game/collection/arcade-games-without-the-old.html]
[appadvice.com/appnn/author/christinechan.html]
[appadvice.com/game/collection/head-to-head-word-games.html]
[appadvice.com/post/pocket-run-pool-brings-a-fun-twist-to-a-single-player-arcade-game/949982914/40093727.html]
[appadvice.com/collection/healthcare-apps.html]
[appadvice.com/collection/best-universal-audiobook-apps.html]
[appadvice.com/appnn/2018/05/todays-apps-gone-free-defekt-ral-and-montezuma-puzzle.html]
[appadvice.com/appnn/indexstart/2018-05-30-14_00_54.html]
[appadvice.com/search.html]
[appadvice.com/appnn/author/info.html]
